database data/motodiag.db, schema 81

customers: 6 rows, 8 fields in the defect shape
  created_at: 4
  updated_at: 4
  | 3 | created_at | 2026-09-04T15:31:22.467670 | 2026-09-04T19:31:22.467+00:00 |
  | 3 | updated_at | 2026-09-04T15:31:22.467670 | 2026-09-04T19:31:22.467+00:00 |
  | 4 | created_at | 2026-09-04T15:31:22.580588 | 2026-09-04T19:31:22.580+00:00 |
  | 4 | updated_at | 2026-09-04T15:31:22.580588 | 2026-09-04T19:31:22.580+00:00 |
  | 5 | created_at | 2026-09-04T15:36:19.054593 | 2026-09-04T19:36:19.054+00:00 |
  | 5 | updated_at | 2026-09-04T15:36:19.054593 | 2026-09-04T19:36:19.054+00:00 |
  | 6 | created_at | 2026-09-04T15:36:19.362362 | 2026-09-04T19:36:19.362+00:00 |
  | 6 | updated_at | 2026-09-04T15:36:19.362362 | 2026-09-04T19:36:19.362+00:00 |

vehicles: 10 rows, 12 fields in the defect shape
  created_at: 6
  updated_at: 6
  | 1 | created_at | 2026-06-12T23:31:43.509859 | 2026-06-13T03:31:43.509+00:00 |
  | 1 | updated_at | 2026-06-12T23:31:43.512334 | 2026-06-13T03:31:43.512+00:00 |
  | 2 | created_at | 2026-06-12T23:33:13.113609 | 2026-06-13T03:33:13.113+00:00 |
  | 2 | updated_at | 2026-06-12T23:33:13.116559 | 2026-06-13T03:33:13.116+00:00 |
  | 3 | created_at | 2026-06-12T23:34:47.313361 | 2026-06-13T03:34:47.313+00:00 |
  | 3 | updated_at | 2026-06-12T23:34:47.316665 | 2026-06-13T03:34:47.316+00:00 |
  | 4 | created_at | 2026-06-12T23:52:03.861446 | 2026-06-13T03:52:03.861+00:00 |
  | 4 | updated_at | 2026-06-12T23:52:03.864817 | 2026-06-13T03:52:03.864+00:00 |
  | 5 | created_at | 2026-06-12T23:53:45.730599 | 2026-06-13T03:53:45.730+00:00 |
  | 5 | updated_at | 2026-06-12T23:53:45.733298 | 2026-06-13T03:53:45.733+00:00 |
  | 10 | created_at | 2026-09-09T19:50:26.498755 | 2026-09-09T23:50:26.498+00:00 |
  | 10 | updated_at | 2026-09-10T01:39:18.570441 | 2026-09-10T05:39:18.570+00:00 |

work_orders: 6 rows, 20 fields in the defect shape
  opened_at: 5
  started_at: 4
  completed_at: 3
  closed_at: 3
  updated_at: 5
  | 1 | opened_at | 2026-09-02T16:29:25.409592 | 2026-09-02T20:29:25.409+00:00 |
  | 1 | started_at | 2026-09-02T17:38:36.544440 | 2026-09-02T21:38:36.544+00:00 |
  | 1 | updated_at | 2026-09-09T13:42:09.785252 | 2026-09-09T17:42:09.785+00:00 |
  | 2 | opened_at | 2026-09-04T00:04:47.868127 | 2026-09-04T04:04:47.868+00:00 |
  | 2 | updated_at | 2026-09-09T19:49:06.321612 | 2026-09-09T23:49:06.321+00:00 |
  | 3 | opened_at | 2026-09-04T15:35:46.883930 | 2026-09-04T19:35:46.883+00:00 |
  | 3 | started_at | 2026-09-04T15:35:46.897428 | 2026-09-04T19:35:46.897+00:00 |
  | 3 | completed_at | 2026-09-04T15:35:46.912508 | 2026-09-04T19:35:46.912+00:00 |
  | 3 | closed_at | 2026-09-04T15:35:46.912508 | 2026-09-04T19:35:46.912+00:00 |
  | 3 | updated_at | 2026-09-04T15:35:46.912508 | 2026-09-04T19:35:46.912+00:00 |
  | 4 | opened_at | 2026-09-04T15:35:46.928546 | 2026-09-04T19:35:46.928+00:00 |
  | 4 | started_at | 2026-09-04T15:35:46.964001 | 2026-09-04T19:35:46.964+00:00 |
  | 4 | completed_at | 2026-09-04T15:35:46.979396 | 2026-09-04T19:35:46.979+00:00 |
  | 4 | closed_at | 2026-09-04T15:35:46.979396 | 2026-09-04T19:35:46.979+00:00 |
  | 4 | updated_at | 2026-09-04T15:35:46.979396 | 2026-09-04T19:35:46.979+00:00 |
  | 5 | opened_at | 2026-09-04T15:36:19.195654 | 2026-09-04T19:36:19.195+00:00 |
  | 5 | started_at | 2026-09-04T15:36:19.211671 | 2026-09-04T19:36:19.211+00:00 |
  | 5 | completed_at | 2026-09-04T15:36:19.227465 | 2026-09-04T19:36:19.227+00:00 |
  | 5 | closed_at | 2026-09-04T15:36:19.227465 | 2026-09-04T19:36:19.227+00:00 |
  | 5 | updated_at | 2026-09-04T15:36:19.227465 | 2026-09-04T19:36:19.227+00:00 |

issues: 0 rows, 0 fields in the defect shape

intake_visits: 0 rows, 0 fields in the defect shape

repair_plans: 0 rows, 0 fields in the defect shape

appointments: 0 rows, 0 fields in the defect shape

shops: 1 rows, 0 fields in the defect shape

workflow_templates: 15 rows, 0 fields in the defect shape

customer_bikes: 0 rows, 0 fields in the defect shape

users: 4 rows, 0 fields in the defect shape

performance_baselines: 0 rows, 0 fields in the defect shape

known_issues: 1060 rows, 1060 fields in the defect shape
  created_at: 1060
  first: | 1 | created_at | 2026-07-01T20:27:21.863235 | 2026-07-02T00:27:21.863+00:00 |
  last:  | 6403 | created_at | 2026-09-24T18:36:38.168435 | 2026-09-24T22:36:38.168+00:00 |

total fields in the defect shape: 1100
