============================= test session starts ==============================
platform darwin -- Python 3.14.5, pytest-9.0.3, pluggy-1.6.0 -- /Users/lilquant/Projects/moto-diag/.venv/bin/python
rootdir: /Users/lilquant/Projects/moto-diag
configfile: pyproject.toml
plugins: cov-7.1.0, xdist-3.8.0, anyio-4.13.0
created: 1/1 worker
1 worker [2 items]

scheduling tests via LoadScheduling

tests/test_phase358_wholetree_contract.py::TestTheWiring::test_an_error_in_the_whole_tree_gate_blocks 
[gw0] [ 50%] PASSED tests/test_phase358_wholetree_contract.py::TestTheWiring::test_an_error_in_the_whole_tree_gate_blocks 
::test_outlives_the_alarm 
[gw0] node down: Not properly terminated
worker-loss: gw0 pid 29234: exited with status 2 (no signal)
worker-loss: pid 29234; started ::test_outlives_the_alarm
worker-loss: no catchable signal received (SIGTERM, SIGHUP, SIGPIPE, SIGXCPU, SIGXFSZ, SIGUSR1, SIGUSR2)
worker-loss: faulthandler dump empty (no fatal error)
worker-loss: files in /var/folders/hj/n035htjj6xz044487h0n635h0000gn/T/motodiag_worker_loss_2f8plgw8
[gw0] [100%] FAILED [location] 

replacing crashed worker gw0

=================================== FAILURES ===================================
_________________________________ test session _________________________________
[gw0] darwin -- Python 3.14.5 /Users/lilquant/Projects/moto-diag/.venv/bin/python
worker 'gw0' crashed while running '::test_outlives_the_alarm'
=========================== short test summary info ============================
FAILED ::test_outlives_the_alarm - worker 'gw0' crashed while running '::test...
=================== 1 failed, 1 passed in 345.56s (0:05:45) ====================
